// Jest Snapshot v1, https://goo.gl/fbAQLP

exports[`Edit Password Modal renders hidden correctly 1`] = `
<body
  class=""
>
  <div />
</body>
`;

exports[`Edit Password Modal renders shown correctly 1`] = `
<body
  class="modal-open"
>
  <div />
  <div
    style="position: relative; z-index: 1050; display: block;"
    tabindex="-1"
  >
    <div
      class=""
    >
      <div
        class="modal fade"
        role="dialog"
        style="display: block;"
        tabindex="-1"
      >
        <div
          class="modal-dialog"
          role="document"
        >
          <div
            class="modal-content"
          >
            <div
              class="modal-header"
            >
              <h5
                class="modal-title"
              >
                Update your password
              </h5>
            </div>
            <div
              class="modal-body"
            >
              <form
                class=""
              >
                <div
                  class="row"
                >
                  <div
                    class="col"
                  >
                    <div
                      class="form-group"
                    >
                      <label
                        class=""
                        for="currentPassword"
                      >
                        Current Password
                      </label>
                      <input
                        autocomplete="current-password"
                        class="form-control"
                        id="currentPassword"
                        name="currentPassword"
                        placeholder="Current Password"
                        type="password"
                        value=""
                      />
                      <div
                        class="invalid-feedback"
                      >
                        You need to enter your current password.
                      </div>
                    </div>
                  </div>
                </div>
                <div
                  class="row"
                >
                  <div
                    class="col"
                  >
                    <div
                      class="form-group"
                    >
                      <label
                        class=""
                        for="newPassword"
                      >
                        New Password
                      </label>
                      <input
                        autocomplete="new-password"
                        class="form-control"
                        id="newPassword"
                        name="newPassword"
                        placeholder="New Password"
                        type="password"
                        value=""
                      />
                      <div
                        class="invalid-feedback"
                      >
                        You need to enter a new password.
                      </div>
                    </div>
                  </div>
                </div>
                <div
                  class="row"
                >
                  <div
                    class="text-right col-md-9 offset-md-3"
                  >
                    <button
                      class="text-muted btn btn-link"
                      id="showPassword"
                      type="button"
                    >
                      Show Password
                    </button>
                  </div>
                </div>
              </form>
            </div>
            <div
              class="modal-footer"
            >
              <button
                class="btn btn-dark-green"
                type="button"
              >
                Save
              </button>
              <button
                class="btn btn-secondary"
                type="button"
              >
                Cancel
              </button>
            </div>
          </div>
        </div>
      </div>
      <div
        class="modal-backdrop fade"
      />
    </div>
  </div>
</body>
`;
